npm info using npm@11.6.1
npm info using node@v26.1.0
npm http fetch POST 200 https://registry.npmjs.org/-/npm/v1/security/advisories/bulk 1192ms
npm http cache https://registry.npmjs.org/koa 14ms (cache hit)
npm http cache https://registry.npmjs.org/serialize-javascript 17ms (cache hit)
npm http cache https://registry.npmjs.org/minimatch 19ms (cache hit)
npm http cache https://registry.npmjs.org/picomatch 21ms (cache hit)
npm http cache https://registry.npmjs.org/@nx%2fjest 11ms (cache hit)
npm http cache https://registry.npmjs.org/@nx%2fdevkit 56ms (cache hit)
npm http cache https://registry.npmjs.org/nx 104ms (cache hit)
npm http cache https://registry.npmjs.org/@nx%2fworkspace 12ms (cache hit)
npm http cache https://registry.npmjs.org/@nx%2fjs 54ms (cache hit)
npm http cache https://registry.npmjs.org/@nx%2fangular 98ms (cache hit)
npm http cache https://registry.npmjs.org/@module-federation%2fdts-plugin 6ms (cache hit)
npm http cache https://registry.npmjs.org/css-minimizer-webpack-plugin 3ms (cache hit)
npm http cache https://registry.npmjs.org/copy-webpack-plugin 6ms (cache hit)
npm http cache https://registry.npmjs.org/@nx%2fnode 5ms (cache hit)
npm http cache https://registry.npmjs.org/@nx%2fdocker 121ms (cache hit)
npm http cache https://registry.npmjs.org/@nx%2fnest 133ms (cache hit)
npm http cache https://registry.npmjs.org/@nx%2feslint 174ms (cache hit)
npm http cache https://registry.npmjs.org/@nx%2fmodule-federation 206ms (cache hit)
npm http cache https://registry.npmjs.org/@nx%2fweb 225ms (cache hit)
npm http cache https://registry.npmjs.org/@nx%2frspack 273ms (cache hit)
npm http cache https://registry.npmjs.org/@nx%2fwebpack 306ms (cache hit)
npm http cache https://registry.npmjs.org/@module-federation%2fcli 4ms (cache hit)
npm http cache https://registry.npmjs.org/@module-federation%2frspack 13ms (cache hit)
npm http cache https://registry.npmjs.org/@module-federation%2fmanifest 32ms (cache hit)
npm http cache https://registry.npmjs.org/@module-federation%2fenhanced 53ms (cache hit)

up to date, audited 2213 packages in 8s

25 vulnerabilities (5 moderate, 20 high)

To address issues that do not require attention, run:
  npm audit fix

To address all issues (including breaking changes), run:
  npm audit fix --force

Run `npm audit` for details.
npm info ok
