npm verbose cli /usr/bin/node /run/user/1000/fnm_multishells/700907_1778763709871/bin/npm
npm info using npm@11.6.1
npm info using node@v26.1.0
npm verbose title npm dedupe
npm verbose argv "dedupe" "--loglevel" "verbose"
npm verbose logfile logs-max:10 dir:/home/sc1zox/.npm/_logs/2026-05-14T13_01_50_644Z-
npm verbose logfile /home/sc1zox/.npm/_logs/2026-05-14T13_01_50_644Z-debug-0.log
npm http cache https://registry.npmjs.org/rxjs 31ms (cache hit)
npm http cache https://registry.npmjs.org/tslib 223ms (cache hit)
npm http cache https://registry.npmjs.org/@angular-devkit%2fcore 5ms (cache hit)
npm http cache https://registry.npmjs.org/@angular-devkit%2fschematics 7ms (cache hit)
npm http cache https://registry.npmjs.org/@eslint%2fjs 1ms (cache hit)
npm http cache https://registry.npmjs.org/globals 1ms (cache hit)
npm http cache https://registry.npmjs.org/@angular-devkit%2fcore 4ms (cache hit)
npm http cache https://registry.npmjs.org/ajv 3ms (cache hit)
npm http cache https://registry.npmjs.org/ajv-formats 2ms (cache hit)
npm http cache https://registry.npmjs.org/jsonc-parser 1ms (cache hit)
npm http cache https://registry.npmjs.org/picomatch 1ms (cache hit)
npm http cache https://registry.npmjs.org/source-map 0ms (cache hit)
npm http cache https://registry.npmjs.org/magic-string 2ms (cache hit)
npm http cache https://registry.npmjs.org/ora 1ms (cache hit)
npm http cache https://registry.npmjs.org/@angular-devkit%2fcore 3ms (cache hit)
npm http cache https://registry.npmjs.org/@angular-devkit%2fschematics 3ms (cache hit)
npm http cache https://registry.npmjs.org/ignore 2ms (cache hit)
npm http cache https://registry.npmjs.org/semver 1ms (cache hit)
npm http cache https://registry.npmjs.org/eslint-scope 2ms (cache hit)
npm http cache https://registry.npmjs.org/esbuild 3ms (cache hit)
npm http cache https://registry.npmjs.org/https-proxy-agent 1ms (cache hit)
npm http cache https://registry.npmjs.org/sass 2ms (cache hit)
npm http cache https://registry.npmjs.org/source-map-support 1ms (cache hit)
npm http cache https://registry.npmjs.org/undici 4ms (cache hit)
npm http cache https://registry.npmjs.org/@angular-devkit%2fschematics 3ms (cache hit)
npm http cache https://registry.npmjs.org/ini 1ms (cache hit)
npm http cache https://registry.npmjs.org/npm-package-arg 1ms (cache hit)
npm http cache https://registry.npmjs.org/yargs 2ms (cache hit)
npm http cache https://registry.npmjs.org/chokidar 1ms (cache hit)
npm http cache https://registry.npmjs.org/convert-source-map 1ms (cache hit)
npm http cache https://registry.npmjs.org/css-tree 1ms (cache hit)
npm http cache https://registry.npmjs.org/lru-cache 1ms (cache hit)
npm http cache https://registry.npmjs.org/debug 1ms (cache hit)
npm http cache https://registry.npmjs.org/resolve 1ms (cache hit)
npm http cache https://registry.npmjs.org/babel-plugin-polyfill-corejs3 1ms (cache hit)
npm http cache https://registry.npmjs.org/eslint-visitor-keys 1ms (cache hit)
npm http cache https://registry.npmjs.org/minimatch 2ms (cache hit)
npm http cache https://registry.npmjs.org/ajv 3ms (cache hit)
npm http cache https://registry.npmjs.org/js-yaml 1ms (cache hit)
npm http cache https://registry.npmjs.org/signal-exit 1ms (cache hit)
npm http cache https://registry.npmjs.org/wrap-ansi 1ms (cache hit)
npm http cache https://registry.npmjs.org/iconv-lite 2ms (cache hit)
npm http cache https://registry.npmjs.org/string-width 2ms (cache hit)
npm http cache https://registry.npmjs.org/strip-ansi 1ms (cache hit)
npm http cache https://registry.npmjs.org/minipass 1ms (cache hit)
npm http cache https://registry.npmjs.org/camelcase 2ms (cache hit)
npm http cache https://registry.npmjs.org/find-up 0ms (cache hit)
npm http cache https://registry.npmjs.org/resolve-from 1ms (cache hit)
npm http cache https://registry.npmjs.org/@jest%2ftypes 2ms (cache hit)
npm http cache https://registry.npmjs.org/chalk 1ms (cache hit)
npm http cache https://registry.npmjs.org/jest-util 2ms (cache hit)
npm http cache https://registry.npmjs.org/slash 1ms (cache hit)
npm http cache https://registry.npmjs.org/glob 1ms (cache hit)
npm http cache https://registry.npmjs.org/jest-worker 1ms (cache hit)
npm http cache https://registry.npmjs.org/@sinclair%2ftypebox 4ms (cache hit)
npm http cache https://registry.npmjs.org/@jest%2fschemas 1ms (cache hit)
npm http cache https://registry.npmjs.org/@jsonjoy.com%2fbuffers 1ms (cache hit)
npm http cache https://registry.npmjs.org/@jsonjoy.com%2fjson-pack 1ms (cache hit)
npm http cache https://registry.npmjs.org/@jsonjoy.com%2futil 3ms (cache hit)
npm http cache https://registry.npmjs.org/@jsonjoy.com%2fbase64 1ms (cache hit)
npm http cache https://registry.npmjs.org/@jsonjoy.com%2fcodegen 0ms (cache hit)
npm http cache https://registry.npmjs.org/@jsonjoy.com%2fjson-pointer 1ms (cache hit)
npm http cache https://registry.npmjs.org/ajv 2ms (cache hit)
npm http cache https://registry.npmjs.org/express 2ms (cache hit)
npm http cache https://registry.npmjs.org/raw-body 1ms (cache hit)
npm http cache https://registry.npmjs.org/esbuild 3ms (cache hit)
npm http cache https://registry.npmjs.org/@module-federation%2fsdk 4ms (cache hit)
npm http cache https://registry.npmjs.org/@module-federation%2fdts-plugin 7ms (cache hit)
npm http cache https://registry.npmjs.org/commander 5ms (cache hit)
npm http cache https://registry.npmjs.org/@module-federation%2fruntime 4ms (cache hit)
npm http cache https://registry.npmjs.org/fs-extra 2ms (cache hit)
npm http cache https://registry.npmjs.org/@module-federation%2ferror-codes 4ms (cache hit)
npm http cache https://registry.npmjs.org/@module-federation%2fmanagers 3ms (cache hit)
npm http cache https://registry.npmjs.org/@module-federation%2fthird-party-dts-extractor 3ms (cache hit)
npm http cache https://registry.npmjs.org/adm-zip 1ms (cache hit)
npm http cache https://registry.npmjs.org/ws 1ms (cache hit)
npm http cache https://registry.npmjs.org/@module-federation%2fbridge-react-webpack-plugin 3ms (cache hit)
npm http cache https://registry.npmjs.org/@module-federation%2fcli 3ms (cache hit)
npm http cache https://registry.npmjs.org/@module-federation%2finject-external-runtime-core-plugin 2ms (cache hit)
npm http cache https://registry.npmjs.org/@module-federation%2fmanifest 3ms (cache hit)
npm http cache https://registry.npmjs.org/@module-federation%2frspack 4ms (cache hit)
npm http cache https://registry.npmjs.org/@module-federation%2fruntime-tools 4ms (cache hit)
npm http cache https://registry.npmjs.org/schema-utils 2ms (cache hit)
npm http cache https://registry.npmjs.org/@module-federation%2fenhanced 5ms (cache hit)
npm http cache https://registry.npmjs.org/@module-federation%2fruntime 4ms (cache hit)
npm http cache https://registry.npmjs.org/@module-federation%2fsdk 10ms (cache hit)
npm http cache https://registry.npmjs.org/tapable 2ms (cache hit)
npm http fetch GET 200 https://registry.npmjs.org/@module-federation%2fruntime-core 4166ms (cache miss)
npm http fetch GET 200 https://registry.npmjs.org/@module-federation%2fwebpack-bundler-runtime 1436ms (cache miss)
npm http fetch GET 200 https://registry.npmjs.org/@tybys%2fwasm-util 203ms (cache miss)
npm http fetch GET 200 https://registry.npmjs.org/path-to-regexp 155ms (cache miss)
npm http fetch GET 200 https://registry.npmjs.org/@angular-devkit%2fcore 91ms (cache revalidated)
npm http cache https://registry.npmjs.org/@angular-devkit%2fschematics 4ms (cache hit)
npm http fetch GET 200 https://registry.npmjs.org/agent-base 105ms (cache miss)
npm http fetch GET 200 https://registry.npmjs.org/proc-log 102ms (cache miss)
npm http fetch GET 200 https://registry.npmjs.org/which 207ms (cache miss)
npm http fetch GET 200 https://registry.npmjs.org/hosted-git-info 421ms (cache miss)
npm http fetch GET 200 https://registry.npmjs.org/json-parse-even-better-errors 232ms (cache miss)
npm http fetch GET 200 https://registry.npmjs.org/yargs-parser 310ms (cache miss)
npm http cache https://registry.npmjs.org/@module-federation%2fenhanced 6ms (cache hit)
npm http cache https://registry.npmjs.org/@module-federation%2fsdk 6ms (cache hit)
npm http fetch GET 200 https://registry.npmjs.org/http-proxy-middleware 303ms (cache miss)
npm http fetch GET 200 https://registry.npmjs.org/parse5 298ms (cache miss)
npm http fetch GET 200 https://registry.npmjs.org/postcss-loader 527ms (cache miss)
npm http cache https://registry.npmjs.org/ajv 4ms (cache hit)
npm http cache https://registry.npmjs.org/postcss-loader 2ms (cache hit)
npm http fetch GET 200 https://registry.npmjs.org/node-addon-api 333ms (cache miss)
npm http fetch GET 200 https://registry.npmjs.org/@napi-rs%2fwasm-runtime 343ms (cache miss)
npm http cache https://registry.npmjs.org/@napi-rs%2fwasm-runtime 2ms (cache hit)
npm http cache https://registry.npmjs.org/@module-federation%2fruntime-tools 4ms (cache hit)
npm http cache https://registry.npmjs.org/http-proxy-middleware 2ms (cache hit)
npm http fetch GET 200 https://registry.npmjs.org/ipaddr.js 285ms (cache miss)
npm http fetch GET 200 https://registry.npmjs.org/open 217ms (cache miss)
npm http fetch GET 200 https://registry.npmjs.org/selfsigned 209ms (cache miss)
npm http cache https://registry.npmjs.org/proc-log 2ms (cache hit)
npm http fetch GET 200 https://registry.npmjs.org/@types%2fsend 365ms (cache miss)
npm http cache https://registry.npmjs.org/@types%2fsend 2ms (cache hit)
npm http fetch GET 200 https://registry.npmjs.org/@typescript-eslint%2fscope-manager 9709ms (cache miss)
npm http fetch GET 200 https://registry.npmjs.org/@typescript-eslint%2futils 11979ms (cache miss)
